<table>
	<thead>
		<tr>
			<th>
				<ul>
					<li data-name="first">
						<a href="link">View 1</a>
					</li>
					<li data-name="second" class="active">
						<a href="link">View 2</a>
					</li>
				</ul>
			</th>
		</tr>
		<tr>
			<th>
				Number
			</th>
		</tr>
	</thead>
	<tbody>
		<tr>
			<td>1</td>
		</tr>
		<tr>
			<td>2</td>
		</tr>
		<tr>
			<td>3</td>
		</tr>
	</tbody>
</table>
